{
    "minimal": {
        "content": [
            {
                "successful tasks": 11,
                "versions": {
                    "ASSEMBLATHON_STATS": {
                        "assemblathon_stats": "github/PlantandFoodResearch/assemblathon2-analysis/a93cba2"
                    },
                    "FASTAVALIDATOR": {
                        "py_fasta_validator": 0.6
                    },
                    "GT_GFF3": {
                        "genometools": "1.6.5"
                    },
                    "GT_GFF3VALIDATOR": {
                        "genometools": "1.6.5"
                    },
                    "GT_STAT": {
                        "genometools": "1.6.5"
                    },
                    "GUNZIP_FASTA": {
                        "gunzip": 1.1
                    },
                    "GUNZIP_GFF3": {
                        "gunzip": 1.1
                    },
                    "SAMTOOLS_FAIDX": {
                        "samtools": 1.21
                    },
                    "SEQKIT_RMDUP": {
                        "seqkit": "v2.8.0"
                    },
                    "TAG_ASSEMBLY": {
                        "pigz": "2.3.4"
                    },
                    "Workflow": {
                        "plant-food-research-open/assemblyqc": "v2.2.1"
                    }
                },
                "stable paths": [
                    "FI1_stats.csv:md5,8d1274e52117e39b413ff71a76c40331",
                    "FI1.gt.stat.yml:md5,2fc1b9c84af0c2323d78a9ac623a3022"
                ]
            }
        ],
        "meta": {
            "nf-test": "0.9.0",
            "nextflow": "24.04.4"
        },
        "timestamp": "2024-10-10T14:37:54.336611"
    }
}
